Line 2, characters 7-10: Error (parsing)
  Syntax error.
