let polybox = match (x) { | {box = y}  < int > -> y }
