Error (typechecking)
  Type mismatch.
Expected:
  char
Given:
  string
