Error (typechecking)
  Type mismatch.
Expected:
  int * int
Given:
  int * int * int
