Error (typechecking)
  Type mismatch.
Expected:
  `b -> (`a -> `c)
Given:
  `a -> (`b -> `c)
