Error (typechecking)
  Type mismatch.
Expected:
  int
Given:
  int -> int
