Error (typechecking)
  Type mismatch.
Expected:
  `a
Given:
  `b
