Error (typechecking)
  Unbound constructor `Green'.
