Error (typechecking)
  Type mismatch.
Expected:
  l
Given:
  int
