Error (typechecking)
  Type mismatch.
Expected:
  t
Given:
  t -> t
