Error (typechecking)
  This expression has type s which should be a function type.
