Error (typechecking)
  Type mismatch.
Expected:
  t
Given:
  int
