Error (typechecking)
  Type mismatch.
Expected:
  option<int>
Given:
  option<string>
