Error (typechecking)
  The variable x has already appeared in this pattern.
