Error (typechecking)
  There is no type definition for label `u'.
