Error (typechecking)
  Type mismatch.
Expected:
  int
Given:
  mut<int>
