Error (typechecking)
  Type mismatch.
Expected:
  string
Given:
  int
